// Jest Snapshot v1, https://goo.gl/fbAQLP

exports[`Modal no extra classes when window is missing 1`] = `""`;
