// Jest Snapshot v1, https://goo.gl/fbAQLP

exports[`ModalInMobile no modal when window is missing 1`] = `
<div>
  Content
</div>
`;
